 running    1 mpi-ranks, with    1 threads/rank, on    1 nodes
 distrk:  each k-point on    1 cores,    1 groups
 distr:  one band on    1 cores,    1 groups
 vasp.6.4.1 05Apr23 (build May 18 2023 13:19:41) complex
 POSCAR found type information on POSCAR Si
 POSCAR found :  1 types and       2 ions
 Reading from existing POTCAR
 -----------------------------------------------------------------------------
|                                                                             |
|           W    W    AA    RRRRR   N    N  II  N    N   GGGG   !!!           |
|           W    W   A  A   R    R  NN   N  II  NN   N  G    G  !!!           |
|           W    W  A    A  R    R  N N  N  II  N N  N  G       !!!           |
|           W WW W  AAAAAA  RRRRR   N  N N  II  N  N N  G  GGG   !            |
|           WW  WW  A    A  R   R   N   NN  II  N   NN  G    G                |
|           W    W  A    A  R    R  N    N  II  N    N   GGGG   !!!           |
|                                                                             |
|     You use a magnetic or noncollinear calculation, but did not specify     |
|     the initial magnetic moment with the MAGMOM tag. Note that a            |
|     default of 1 will be used for all atoms. This ferromagnetic setup       |
|     may break the symmetry of the crystal, in particular it may rule        |
|     out finding an antiferromagnetic solution. Thence, we recommend         |
|     setting the initial magnetic moment manually or verifying carefully     |
|     that this magnetic setup is desired.                                    |
|                                                                             |
 -----------------------------------------------------------------------------

 scaLAPACK will be used
 Reading from existing POTCAR
 LDA part: xc-table for Pade appr. of Perdew
 -----------------------------------------------------------------------------
|                                                                             |
|           W    W    AA    RRRRR   N    N  II  N    N   GGGG   !!!           |
|           W    W   A  A   R    R  NN   N  II  NN   N  G    G  !!!           |
|           W    W  A    A  R    R  N N  N  II  N N  N  G       !!!           |
|           W WW W  AAAAAA  RRRRR   N  N N  II  N  N N  G  GGG   !            |
|           WW  WW  A    A  R   R   N   NN  II  N   NN  G    G                |
|           W    W  A    A  R    R  N    N  II  N    N   GGGG   !!!           |
|                                                                             |
|     The requested file  could not be found or opened for reading            |
|     k-point information. Automatic k-point generation is used as a          |
|     fallback, which may lead to unwanted results.                           |
|                                                                             |
 -----------------------------------------------------------------------------

 INCAR ok, starting setup
 POSCAR ok, starting setup
 FFT: planning ... GRIDC
 FFT: planning ... GRID_SOFT
 FFT: planning ... GRID
 WAVECAR not read
 augmentation electrons    8.008962626160372
 soft         electrons    0.000000000000000
 total        electrons    8.008962626160372
 augmentation electrons   2.2406565400931010E-003
 soft         electrons    0.000000000000000
 total        electrons   2.2406565400931010E-003
 augmentation electrons    21.67319323768297
 soft         electrons    0.000000000000000
 total        electrons    21.67319323768297
 augmentation electrons    18.93680343768297
 soft         electrons    0.000000000000000
 total        electrons    18.93680343768297
 entering main loop
       N       E                     dE             d eps       ncg     rms          rms(c)
DAV:   1     0.973724789392E+01    0.97372E+01   -0.37828E+03  1692   0.864E+02
DAV:   2    -0.100393844697E+02   -0.19777E+02   -0.19220E+02  2453   0.930E+01
DAV:   3    -0.104937926338E+02   -0.45441E+00   -0.45176E+00  2067   0.140E+01
DAV:   4    -0.104970655771E+02   -0.32729E-02   -0.32724E-02  2537   0.142E+00
DAV:   5    -0.104970791584E+02   -0.13581E-04   -0.13581E-04  2197   0.694E-02    0.597E+00
DAV:   6    -0.108703765542E+02   -0.37330E+00   -0.12409E-01  1872   0.238E+00    0.333E+00
DAV:   7    -0.108439116458E+02    0.26465E-01   -0.64371E-02  1951   0.171E+00    0.235E+00
DAV:   8    -0.108450090713E+02   -0.10974E-02   -0.23117E-02  2126   0.924E-01    0.666E-01
DAV:   9    -0.108488745763E+02   -0.38655E-02   -0.17699E-03  2131   0.313E-01    0.961E-02
DAV:  10    -0.108492884502E+02   -0.41387E-03   -0.10054E-03  1896   0.182E-01    0.433E-02
DAV:  11    -0.108493844110E+02   -0.95961E-04   -0.21413E-04  1963   0.989E-02    0.306E-02
DAV:  12    -0.108494028364E+02   -0.18425E-04   -0.20212E-05  1910   0.320E-02    0.135E-02
DAV:  13    -0.108494072926E+02   -0.44561E-05   -0.70640E-06  1332   0.182E-02
   1 F= -.10849407E+02 E0= -.10849407E+02  d E =-.918593E-12  mag=    -0.0001
 augmentation electrons  -0.4515630813270325
 soft         electrons    8.458291359497084
 total        electrons    8.006728278170051
 augmentation electrons   4.2666654265326871E-006
 soft         electrons    8.458291359497084
 total        electrons  -3.7180047252685576E-008
 PROFILE, used timers:     202
